/home/siddharth/SVMKNN/101_ObjectCategories/Motorbikes/image_0272.jpg
/home/siddharth/SVMKNN/101_ObjectCategories/Motorbikes/image_0026.jpg
/home/siddharth/SVMKNN/101_ObjectCategories/Motorbikes/image_0294.jpg
/home/siddharth/SVMKNN/101_ObjectCategories/Motorbikes/image_0630.jpg
/home/siddharth/SVMKNN/101_ObjectCategories/Motorbikes/image_0567.jpg
/home/siddharth/SVMKNN/101_ObjectCategories/airplanes/image_0184.jpg
/home/siddharth/SVMKNN/101_ObjectCategories/airplanes/image_0166.jpg
/home/siddharth/SVMKNN/101_ObjectCategories/airplanes/image_0628.jpg
/home/siddharth/SVMKNN/101_ObjectCategories/airplanes/image_0219.jpg
/home/siddharth/SVMKNN/101_ObjectCategories/airplanes/image_0088.jpg
/home/siddharth/SVMKNN/101_ObjectCategories/brain/image_0005.jpg
/home/siddharth/SVMKNN/101_ObjectCategories/brain/image_0009.jpg
/home/siddharth/SVMKNN/101_ObjectCategories/brain/image_0033.jpg
/home/siddharth/SVMKNN/101_ObjectCategories/brain/image_0008.jpg
/home/siddharth/SVMKNN/101_ObjectCategories/brain/image_0068.jpg
/home/siddharth/SVMKNN/101_ObjectCategories/chandelier/image_0008.jpg
/home/siddharth/SVMKNN/101_ObjectCategories/chandelier/image_0046.jpg
/home/siddharth/SVMKNN/101_ObjectCategories/chandelier/image_0023.jpg
/home/siddharth/SVMKNN/101_ObjectCategories/chandelier/image_0064.jpg
/home/siddharth/SVMKNN/101_ObjectCategories/chandelier/image_0013.jpg
/home/siddharth/SVMKNN/101_ObjectCategories/yin_yang/image_0046.jpg
/home/siddharth/SVMKNN/101_ObjectCategories/yin_yang/image_0053.jpg
/home/siddharth/SVMKNN/101_ObjectCategories/yin_yang/image_0008.jpg
/home/siddharth/SVMKNN/101_ObjectCategories/yin_yang/image_0049.jpg
/home/siddharth/SVMKNN/101_ObjectCategories/yin_yang/image_0026.jpg
